Turbo Assembler	 Version 3.1	    03/15/21 14:59:02	    Page 1
FIRST.ASM



      1	0000			     MYCODE SEGMENT 'CODE'
      2				      ASSUME CS:MYCODE,	DS:MYCODE
      3	0000  0080		     FIR DW 'А'
      4	0002  0081		     SEC DW 'Б'
      5	0004  0082		     THR DW 'В'
      6	0006			     START:
      7				     ; Загрузка	сегментного регистра DS
      8	0006  0E		      PUSH CS
      9	0007  1F		      POP DS
     10	0008  BB 0000		      MOV BX,0
     11				     ; cls
     12	000B  E8 0038		     CALL CLRS
     13				     ; Вывод одного символа на экран
     14	000E  8B 17		      MOV DX, [DS:BX]
     15	0010  83 C3 02		      ADD BX, 2
     16
     17	0013  E8 002B		      CALL PUTCH
     18	0016  E8 001D		      CALL CRLF
     19	0019  8B 17		      MOV DX, [DS:BX]
     20	001B  83 C3 04		      ADD BX, 4
     21
     22	001E  E8 0020		      CALL PUTCH
     23	0021  E8 0012		      CALL CRLF
     24	0024  03 17		      ADD DX, [DS:BX]
     25
     26	0026  E8 0018		      CALL PUTCH
     27	0029  E8 000A		      CALL CRLF
     28				     ; Ожидание	завершения программы
     29	002C  B4 01		     MOV AH, 01H
     30	002E  CD 21		     INT 021H
     31				     ; Выход из	программы
     32	0030  B0 00		      MOV AL, 0
     33	0032  B4 4C		      MOV AH, 4CH
     34	0034  CD 21		      INT 21H
     35	0036			     CRLF PROC
     36	0036  B2 0A		      MOV DL , 10
     37	0038  E8 0006		      CALL PUTCH
     38	003B  B2 0D		      MOV DL , 13
     39	003D  E8 0001		      CALL PUTCH
     40	0040  C3		      RET
     41	0041			     CRLF ENDP
     42				     ; процедура вывода	одного символа
     43	0041			     PUTCH PROC	NEAR
     44	0041  B4 02		      MOV AH , 02H
     45	0043  CD 21		      INT 021H
     46	0045  C3		      RETN
     47	0046			     PUTCH ENDP
     48				     ;процедура	очистки	экрана
     49	0046			     CLRS PROC
     50	0046  B8 0003		      MOV AX, 03
     51	0049  CD 10		      INT 10H
     52	004B  C3		      RET
     53	004C			     CLRS ENDP
     54	004C			     MYCODE ENDS
     55				     END START
Turbo Assembler	 Version 3.1	    03/15/21 14:59:02	    Page 2
Symbol Table




Symbol Name		Type   Value			   Cref	(defined at #)

??DATE			Text   "03/15/21"
??FILENAME		Text   "FIRST	"
??TIME			Text   "14:59:02"
??VERSION		Number 030A
@CPU			Text   0101H
@CURSEG			Text   MYCODE			   #1
@FILENAME		Text   FIRST
@WORDSIZE		Text   2			   #1
CLRS			Near   MYCODE:0046		   12  #49
CRLF			Near   MYCODE:0036		   18  23  27  #35
FIR			Word   MYCODE:0000		   #3
PUTCH			Near   MYCODE:0041		   17  22  26  37  39  #43
SEC			Word   MYCODE:0002		   #4
START			Near   MYCODE:0006		   #6  55
THR			Word   MYCODE:0004		   #5

Groups & Segments	Bit Size Align	Combine	Class	   Cref	(defined at #)

MYCODE			16  004C Para	none	CODE	   #1  2  2
