Turbo Assembler	 Version 3.1	    03/28/21 21:57:41	    Page 1
LAB4.ASM



      1	0000			     MYCODE SEGMENT 'CODE'
      2				       ASSUME CS:MYCODE, DS:MYCODE
      3
      4	0000  30 31 32 33 34 35	36+	     HEX_STRING	DB '0123456789ABCDEF' ;	’€‹ˆ–€	……ŠŽ„ˆŽ‚Šˆ
      5	      37 38 39 41 42 43	44+
      6	      45 46
      7	0010  82 85 84 88 92 85	20+	     STARTSTR DB '‚…„ˆ’… ‘ˆŒ‚Ž‹	„‹Ÿ €—€‹€ €Ž’› Žƒ€ŒŒ›$'
      8	      91 88 8C 82 8E 8B	20+
      9	      84 8B 9F 20 8D 80	97+
     10	      80 8B 80 20 90 80	81+
     11	      8E 92 9B 20 8F 90	8E+
     12	      83 90 80 8C 8C 9B	24
     13	003A  84 8B 9F 20 82 9B	95+	     MSGSTR DB '„‹Ÿ ‚›•Ž„€ ˆ‡ Žƒ€ŒŒ›	€†Œˆ’…	"q"$'
     14	      8E 84 80 20 88 87	20+
     15	      8F 90 8E 83 90 80	8C+
     16	      8C 9B 20 8D 80 86	8C+
     17	      88 92 85 20 22 71	22+
     18	      24
     19
     20	005E			       START:
     21					     ; ‡€ƒ“‡Š€	‘…ƒŒ…’ŽƒŽ …ƒˆ‘’€ „€›• DS
     22	005E  0E			 PUSH CS
     23	005F  1F			 POP  DS
     24	0060  BB 0000r			       MOV  BX,	OFFSET HEX_STRING
     25
     26	0063			       MAIN:
     27					 ; Ž—ˆ‘’Š€ Š€€
     28	0063  E8 0067			 CALL CLRSCR;
     29
     30					 ; ‚›‚Ž„ ‘’ŽŠˆ-Ž„‘Š€‡Šˆ Ž ’ŽŒ, —’Ž €„Ž ‚‚…‘’ˆ “Š‚“
     31	0066  BA 0010r			 MOV  DX, OFFSET STARTSTR
     32	0069  E8 0047			 CALL PUTST
     33	006C  E8 004E			 CALL CLRF
     34
     35					 ; ‡€Ž‘ € ‚‚Ž„ ‘ˆŒ‚Ž‹€
     36	006F  E8 0056			 CALL GETCH
     37	0072  50			 PUSH AX
     38
     39					 ; –ˆŠ‹ˆ—…‘Šˆ‰ ‚›‚Ž„ “Š‚ € Š€
     40	0073  B9 0014			 MOV  CX, 20
     41	0076				 ZALOOP:
     42
     43					   ; ‚›‚Ž„ “Š‚›
     44					   ;POP	  AX
     45					   ;PUSH  AX
     46	0076  8A D0			   MOV	 DL, AL
     47	0078  50			   PUSH	 AX
     48	0079  E8 003C			   CALL	 PUTCH
     49
     50					   ; ’ˆ…
     51	007C  BA 0020			   MOV	 DX, 32
     52	007F  E8 0036			   CALL	 PUTCH
     53	0082  BA 00CD			   MOV	 DX, 205
     54	0085  E8 0030			   CALL	 PUTCH
     55	0088  BA 0020			   MOV	 DX, 32
     56	008B  E8 002A			   CALL	 PUTCH
     57
Turbo Assembler	 Version 3.1	    03/28/21 21:57:41	    Page 2
LAB4.ASM



     58					   ; ‚›‚Ž„ HEX
     59	008E  58			   POP	 AX
     60	008F  E8 0041			   CALL	 HEX
     61	0092  58			   POP	 AX
     62
     63					   ; INCREMENT “Š‚›
     64	0093  FE C0			   INC	 AL
     65	0095  50			   PUSH	 AX
     66
     67	0096  E2 DE			 LOOP ZALOOP
     68
     69					 ; ‡€Ž‘ € Ž„Ž‹†…ˆ… Žƒ€ŒŒ›
     70	0098  BA 003Ar			 MOV DX, OFFSET	MSGSTR
     71	009B  E8 0015			 CALL PUTST
     72	009E  E8 001C			 CALL CLRF
     73	00A1  E8 0024			 CALL GETCH
     74	00A4  3C 71			 CMP AL, 'q'
     75	00A6  74 02			   JE EXIT
     76	00A8  EB B9			 JMP MAIN
     77
     78	00AA			       EXIT:
     79					 ; Ž—ˆ‘’Š€ Š€€
     80	00AA  E8 0020			 CALL CLRSCR;
     81
     82					 ; ‚›•Ž„ ˆ‡ Žƒ€ŒŒ›
     83	00AD  B0 00			 MOV AL, 0
     84	00AF  B4 4C			 MOV AH, 4CH
     85	00B1  CD 21			 INT 021H
     86
     87					     ; Ž–…„“€ - ‚›‚Ž„ ‘’ŽŠˆ	€ Š€
     88	00B3				     PUTST PROC
     89	00B3  B4 09				     MOV AH, 09H
     90	00B5  CD 21				     INT 021H
     91	00B7  C3				     RET
     92	00B8				     PUTST ENDP
     93
     94					     ; Ž–…„“€ - ‚›‚Ž„ ‘ˆŒ‚Ž‹€
     95	00B8				     PUTCH PROC
     96	00B8  B4 02				     MOV AH, 02H
     97	00BA  CD 21				     INT 021H
     98	00BC  C3				     RET
     99	00BD				     PUTCH ENDP
    100
    101					     ; Ž–…„“€ - ……‚Ž„ ‘’ŽŠˆ
    102	00BD				     CLRF PROC
    103	00BD  B2 0A				     MOV   DL, 10
    104	00BF  E8 FFF6				     CALL  PUTCH
    105	00C2  B2 0D				     MOV   DL, 13
    106	00C4  E8 FFF1				     CALL  PUTCH
    107	00C7  C3				     RET
    108	00C8				     CLRF ENDP
    109
    110					     ; Ž–…„“€ - ‚‚Ž„	‘ˆŒ‚Ž‹€
    111	00C8				     GETCH PROC
    112	00C8  B4 08				     MOV AH, 08H
    113	00CA  CD 21				     INT 021H
    114	00CC  C3			 RET
Turbo Assembler	 Version 3.1	    03/28/21 21:57:41	    Page 3
LAB4.ASM



    115	00CD				     GETCH ENDP
    116
    117					     ; Ž–…„“€ - Ž—ˆ‘’Š€ Š€€
    118	00CD				     CLRSCR PROC
    119	00CD  B8 0003				     MOV AX, 03
    120	00D0  CD 10			 INT 10H
    121	00D2  C3			 RET
    122	00D3				     CLRSCR ENDP
    123
    124					     ; ……‚Ž„ ‚ 16
    125	00D3				     HEX PROC
    126	00D3  50			     PUSH  AX
    127	00D4  D0 E8 D0 E8 D0 E8	D0+	     SHR   AL, 4
    128	      E8
    129	00DC  D7			     XLAT
    130	00DD  8A D0			     MOV   DL, AL
    131	00DF  E8 FFD6			     CALL  PUTCH
    132	00E2  58			     POP   AX
    133	00E3  24 0F			     AND   AL, 00001111B
    134	00E5  D7			     XLAT
    135	00E6  8A D0			     MOV   DL, AL
    136	00E8  E8 FFCD			     CALL  PUTCH
    137	00EB  BA 0068			     MOV   DX, 104
    138	00EE  E8 FFC7		       CALL  PUTCH
    139	00F1  E8 FFC9			     CALL  CLRF
    140	00F4  C3		       RET
    141	00F5				     HEX ENDP
    142				     ; ŠŽ…– ‘…ƒŒ…’€
    143	00F5			     MYCODE ENDS
    144				     END START
Turbo Assembler	 Version 3.1	    03/28/21 21:57:41	    Page 4
Symbol Table




Symbol Name		Type   Value			   Cref	(defined at #)

??DATE			Text   "03/28/21"
??FILENAME		Text   "LAB4	"
??TIME			Text   "21:57:41"
??VERSION		Number 030A
@CPU			Text   0101H
@CURSEG			Text   MYCODE			   #1
@FILENAME		Text   LAB4
@WORDSIZE		Text   2			   #1
CLRF			Near   MYCODE:00BD		   33  72  #102	 139
CLRSCR			Near   MYCODE:00CD		   28  80  #118
EXIT			Near   MYCODE:00AA		   75  #78
GETCH			Near   MYCODE:00C8		   36  73  #111
HEX			Near   MYCODE:00D3		   60  #125
HEX_STRING		Byte   MYCODE:0000		   #4  24
MAIN			Near   MYCODE:0063		   #26	76
MSGSTR			Byte   MYCODE:003A		   #13	70
PUTCH			Near   MYCODE:00B8		   48  52  54  56  #95	104  106  131  136  138
PUTST			Near   MYCODE:00B3		   32  71  #88
START			Near   MYCODE:005E		   #20	144
STARTSTR		Byte   MYCODE:0010		   #7  31
ZALOOP			Near   MYCODE:0076		   #41	67

Groups & Segments	Bit Size Align	Combine	Class	   Cref	(defined at #)

MYCODE			16  00F5 Para	none	CODE	   #1  2  2
